keep_best is inactive under share_comps: best-iterate selection by LL is not well-defined (a merge changes the parameter count and reverting to an earlier snapshot would undo the merge), so fit() returns the last iterate.
keep_best is inactive under share_comps: best-iterate selection by LL is not well-defined (a merge changes the parameter count and reverting to an earlier snapshot would undo the merge), so fit() returns the last iterate.
keep_best is inactive under share_comps: best-iterate selection by LL is not well-defined (a merge changes the parameter count and reverting to an earlier snapshot would undo the merge), so fit() returns the last iterate.
keep_best is inactive under share_comps: best-iterate selection by LL is not well-defined (a merge changes the parameter count and reverting to an earlier snapshot would undo the merge), so fit() returns the last iterate.
keep_best is inactive under share_comps: best-iterate selection by LL is not well-defined (a merge changes the parameter count and reverting to an earlier snapshot would undo the merge), so fit() returns the last iterate.
keep_best is inactive under share_comps: best-iterate selection by LL is not well-defined (a merge changes the parameter count and reverting to an earlier snapshot would undo the merge), so fit() returns the last iterate.
keep_best is inactive under share_comps: best-iterate selection by LL is not well-defined (a merge changes the parameter count and reverting to an earlier snapshot would undo the merge), so fit() returns the last iterate.
Starting AMICA fitting...
Starting optimization...
 iter     2 lrate = 0.0500000000 LL = -3.4682954058 nd = 0.0278618498, D = 4.41736e-02 4.41736e-02  ( 1.51 s,  0.0 h)
 iter     3 lrate = 0.0500000000 LL = -3.4603659507 nd = 0.0301293222, D = 7.92946e-03 7.92946e-03  ( 2.29 s,  0.0 h)
 iter     4 lrate = 0.0500000000 LL = -3.4563302679 nd = 0.0361807797, D = 4.03568e-03 4.03568e-03  ( 3.08 s,  0.0 h)
 iter     5 lrate = 0.0500000000 LL = -3.4524903836 nd = 0.0403887082, D = 3.83988e-03 3.83988e-03  ( 3.86 s,  0.0 h)
 iter     6 lrate = 0.0500000000 LL = -3.4487996014 nd = 0.0425780782, D = 3.69078e-03 3.69078e-03  ( 4.67 s,  0.0 h)
 iter     7 lrate = 0.0500000000 LL = -3.4451593881 nd = 0.0432309476, D = 3.64021e-03 3.64021e-03  ( 5.45 s,  0.0 h)
 iter     8 lrate = 0.0500000000 LL = -3.4416417346 nd = 0.0430271621, D = 3.51765e-03 3.51765e-03  ( 6.26 s,  0.0 h)
Optimization finished after 8 iterations
keep_best is inactive under share_comps: best-iterate selection by LL is not well-defined (a merge changes the parameter count and reverting to an earlier snapshot would undo the merge), so fit() returns the last iterate.
keep_best is inactive under share_comps: best-iterate selection by LL is not well-defined (a merge changes the parameter count and reverting to an earlier snapshot would undo the merge), so fit() returns the last iterate.
keep_best is inactive under share_comps: best-iterate selection by LL is not well-defined (a merge changes the parameter count and reverting to an earlier snapshot would undo the merge), so fit() returns the last iterate.
keep_best is inactive under share_comps: best-iterate selection by LL is not well-defined (a merge changes the parameter count and reverting to an earlier snapshot would undo the merge), so fit() returns the last iterate.
keep_best is inactive under share_comps: best-iterate selection by LL is not well-defined (a merge changes the parameter count and reverting to an earlier snapshot would undo the merge), so fit() returns the last iterate.
Non-finite mu at iter 22 (a mixture component likely collapsed); stopping.
{
  "a": {
    "share_off_final_ll": -3.3393496568371823,
    "share_off_stop": "max_iter",
    "share_off_newton_fallbacks": 0,
    "share_on_final_ll": -3.3409951996200453,
    "share_on_stop": "max_iter",
    "share_on_newton_fallbacks": 0,
    "merges": [
      {
        "iter": 100,
        "model": 0,
        "source": 11,
        "into_model": 1,
        "into_source": 3,
        "map_abs_cos": 0.9699489398459946
      }
    ],
    "unique_components": 63,
    "groups": [
      {
        "group": [
          [
            1,
            3
          ],
          [
            0,
            11
          ]
        ],
        "identical": true
      }
    ]
  },
  "b": {
    "scan_at_8_thr_0.9": {
      "merged": 31,
      "final_ll": -3.453995960732006,
      "stop": "max_iter"
    },
    "scan_at_8_thr_0.95": {
      "merged": 30,
      "final_ll": -3.4531792987461793,
      "stop": "max_iter"
    },
    "scan_at_8_thr_0.99": {
      "merged": 17,
      "final_ll": -3.4340012191597338,
      "stop": "max_iter"
    },
    "scan_at_20_thr_0.9": {
      "merged": 30,
      "final_ll": -3.4702865291798437,
      "stop": "max_iter"
    },
    "scan_at_20_thr_0.95": {
      "merged": 22,
      "final_ll": -3.4485215414735295,
      "stop": "max_iter"
    },
    "scan_at_20_thr_0.99": {
      "merged": 5,
      "final_ll": -3.4105196773183413,
      "stop": "max_iter"
    }
  },
  "c": {
    "state_A_diff_torch_vs_ref": 5.2365930183172205e-06,
    "state_LL_diff_torch_vs_ref": 1.550818593543113e-07,
    "thr_0.9": {
      "reference_state": 32,
      "torch_state": 32,
      "numpy_state": 32,
      "torch_fit_scan": 32,
      "same_comp_list_ref_torch_numpy_fit": [
        true,
        true,
        true
      ]
    },
    "thr_0.95": {
      "reference_state": 32,
      "torch_state": 32,
      "numpy_state": 32,
      "torch_fit_scan": 32,
      "same_comp_list_ref_torch_numpy_fit": [
        true,
        true,
        true
      ]
    },
    "thr_0.99": {
      "reference_state": 29,
      "torch_state": 29,
      "numpy_state": 29,
      "torch_fit_scan": 29,
      "same_comp_list_ref_torch_numpy_fit": [
        true,
        true,
        true
      ]
    }
  },
  "d": {
    "first_scan_merges": 28,
    "gm2_after_first_scan": 0.5720240822678972,
    "gm2_1_after_scan": 0.0021825430273267536,
    "gm2_2_after_scan": 0.0009015369020092886,
    "second_scan_stop": "max_iter",
    "merges_after_second_scan": 28,
    "gm2_after_second_scan": 0.000244140625,
    "long_fit_stop": "nan_params",
    "long_fit_iterations_recorded": 23,
    "long_fit_last_iteration_index": 22
  }
}
