AMICA uses float64 for Fortran parity; MPS lacks float64 support, so falling back to CPU. Pass dtype=torch.float32 with device='mps' to run on MPS.
Validation with seed=42, max_iter=100
Output directory: .context/issue-351/raw/harness_run1
Loaded data: (32, 30504)
Running Fortran AMICA...
Running PyTorch AMICA (natural-gradient EM backend)...
WARNING: params.json settings with no AMICATorchNG equivalent are ignored (NG uses its own behavior): ['do_history', 'histstep', 'writestep']. The Fortran run may honor them, so a parity comparison can differ.
Fitting AMICA with 32 channels, 30504 samples
Models: 1, Mixture components: 3
AMICA uses float64 for Fortran parity; MPS lacks float64 support, so falling back to CPU. Pass dtype=torch.float32 with device='mps' to run on MPS.

Starting AMICA fitting...
Starting optimization...

======================================================================
VALIDATION REPORT: Fortran vs PyTorch AMICA
======================================================================

1. LOG-LIKELIHOOD COMPARISON:
----------------------------------------
  Fortran Final LL: -3.4112742644
  PyTorch Final LL: -3.411003
  LL Ratio (PyTorch/Fortran): 0.9999
  LL Absolute Difference: 0.000271

2. CONVERGENCE COMPARISON:
----------------------------------------
  Fortran Iterations: 100
  PyTorch Iterations: 100

3. COMPONENT CORRELATION:
----------------------------------------
  Mean Correlation: 0.9991
  Min Correlation: 0.9918
  Max Correlation: 1.0000
  Std Correlation: 0.0017
  ✓ Components are highly correlated (>0.9)

  Mixing Matrix Relative Error: 0.0432
  ✓ Mixing matrices are very similar (<10% error)

4. OVERALL ASSESSMENT:
----------------------------------------
  ✓ Implementations produce comparable results

======================================================================

Report saved to: .context/issue-351/raw/harness_run1/validation_report.txt
Running NumPy AMICA (legacy reference backend)...

AMICA:   0%|          | 0/100 [00:00<?]
AMICA:   1%|1         | 1/100 [00:00<00:29]
AMICA:   2%|2         | 2/100 [00:00<00:31]
AMICA:   3%|3         | 3/100 [00:00<00:31]
AMICA:   4%|4         | 4/100 [00:01<00:31]
AMICA:   5%|5         | 5/100 [00:01<00:31]
AMICA:   6%|6         | 6/100 [00:01<00:30]
AMICA:   7%|7         | 7/100 [00:02<00:30]
AMICA:   8%|8         | 8/100 [00:02<00:30]
AMICA:   9%|9         | 9/100 [00:02<00:30]
AMICA:  10%|#         | 10/100 [00:03<00:29]
AMICA:  11%|#1        | 11/100 [00:03<00:29]
AMICA:  12%|#2        | 12/100 [00:03<00:29]
AMICA:  13%|#3        | 13/100 [00:04<00:28]
AMICA:  14%|#4        | 14/100 [00:04<00:28]
AMICA:  15%|#5        | 15/100 [00:04<00:27]
AMICA:  16%|#6        | 16/100 [00:05<00:27]
AMICA:  17%|#7        | 17/100 [00:05<00:27]
AMICA:  18%|#8        | 18/100 [00:05<00:26]
AMICA:  19%|#9        | 19/100 [00:06<00:26]
AMICA:  20%|##        | 20/100 [00:06<00:26]
AMICA:  21%|##1       | 21/100 [00:06<00:25]
AMICA:  22%|##2       | 22/100 [00:07<00:25]
AMICA:  23%|##3       | 23/100 [00:07<00:25]
AMICA:  24%|##4       | 24/100 [00:07<00:25]
AMICA:  25%|##5       | 25/100 [00:08<00:24]
AMICA:  26%|##6       | 26/100 [00:08<00:24]
AMICA:  27%|##7       | 27/100 [00:08<00:24]
AMICA:  28%|##8       | 28/100 [00:09<00:23]
AMICA:  29%|##9       | 29/100 [00:09<00:23]
AMICA:  30%|###       | 30/100 [00:09<00:22]
AMICA:  31%|###1      | 31/100 [00:10<00:22]
AMICA:  32%|###2      | 32/100 [00:10<00:22]
AMICA:  33%|###3      | 33/100 [00:10<00:22]
AMICA:  34%|###4      | 34/100 [00:11<00:21]
AMICA:  35%|###5      | 35/100 [00:11<00:21]
AMICA:  36%|###6      | 36/100 [00:11<00:21]
AMICA:  37%|###7      | 37/100 [00:12<00:20]
AMICA:  38%|###8      | 38/100 [00:12<00:20]
AMICA:  39%|###9      | 39/100 [00:12<00:19]
AMICA:  40%|####      | 40/100 [00:13<00:19]
AMICA:  41%|####1     | 41/100 [00:13<00:19]
AMICA:  42%|####2     | 42/100 [00:13<00:19]
AMICA:  43%|####3     | 43/100 [00:14<00:18]
AMICA:  44%|####4     | 44/100 [00:14<00:18]
AMICA:  45%|####5     | 45/100 [00:14<00:17]
AMICA:  46%|####6     | 46/100 [00:15<00:17]
AMICA:  47%|####6     | 47/100 [00:15<00:17]
AMICA:  48%|####8     | 48/100 [00:15<00:16]
AMICA:  49%|####9     | 49/100 [00:16<00:16]
AMICA:  50%|#####     | 50/100 [00:16<00:16]
AMICA:  51%|#####1    | 51/100 [00:16<00:15]
AMICA:  52%|#####2    | 52/100 [00:17<00:15]
AMICA:  53%|#####3    | 53/100 [00:17<00:15]
AMICA:  54%|#####4    | 54/100 [00:17<00:15]
AMICA:  55%|#####5    | 55/100 [00:18<00:14]
AMICA:  56%|#####6    | 56/100 [00:18<00:14]
AMICA:  57%|#####6    | 57/100 [00:18<00:14]
AMICA:  58%|#####8    | 58/100 [00:19<00:13]
AMICA:  59%|#####8    | 59/100 [00:19<00:13]
AMICA:  60%|######    | 60/100 [00:19<00:13]
AMICA:  61%|######1   | 61/100 [00:19<00:12]
AMICA:  62%|######2   | 62/100 [00:20<00:12]
AMICA:  63%|######3   | 63/100 [00:20<00:12]
AMICA:  64%|######4   | 64/100 [00:20<00:11]
AMICA:  65%|######5   | 65/100 [00:21<00:11]
AMICA:  66%|######6   | 66/100 [00:21<00:11]
AMICA:  67%|######7   | 67/100 [00:21<00:10]
AMICA:  68%|######8   | 68/100 [00:22<00:10]
AMICA:  69%|######9   | 69/100 [00:22<00:10]
AMICA:  70%|#######   | 70/100 [00:22<00:09]
AMICA:  71%|#######1  | 71/100 [00:23<00:09]
AMICA:  72%|#######2  | 72/100 [00:23<00:09]
AMICA:  73%|#######3  | 73/100 [00:23<00:08]
AMICA:  74%|#######4  | 74/100 [00:24<00:08]
AMICA:  75%|#######5  | 75/100 [00:24<00:08]
AMICA:  76%|#######6  | 76/100 [00:24<00:07]
AMICA:  77%|#######7  | 77/100 [00:25<00:07]
AMICA:  78%|#######8  | 78/100 [00:25<00:07]
AMICA:  79%|#######9  | 79/100 [00:25<00:06]
AMICA:  80%|########  | 80/100 [00:26<00:06]
AMICA:  81%|########1 | 81/100 [00:26<00:06]
AMICA:  82%|########2 | 82/100 [00:26<00:05]
AMICA:  83%|########2 | 83/100 [00:27<00:05]
AMICA:  84%|########4 | 84/100 [00:27<00:05]
AMICA:  85%|########5 | 85/100 [00:27<00:04]
AMICA:  86%|########6 | 86/100 [00:28<00:04]
AMICA:  87%|########7 | 87/100 [00:28<00:04]
AMICA:  88%|########8 | 88/100 [00:28<00:03]
AMICA:  89%|########9 | 89/100 [00:29<00:03]
AMICA:  90%|######### | 90/100 [00:29<00:03]
AMICA:  91%|#########1| 91/100 [00:29<00:02]
AMICA:  92%|#########2| 92/100 [00:30<00:02]
AMICA:  93%|#########3| 93/100 [00:30<00:02]
AMICA:  94%|#########3| 94/100 [00:30<00:01]
AMICA:  95%|#########5| 95/100 [00:31<00:01]
AMICA:  96%|#########6| 96/100 [00:31<00:01]
AMICA:  97%|#########7| 97/100 [00:31<00:00]
AMICA:  98%|#########8| 98/100 [00:31<00:00]
AMICA:  99%|#########9| 99/100 [00:32<00:00]
AMICA: 100%|##########| 100/100 [00:32<00:00]
AMICA: 100%|##########| 100/100 [00:32<00:00]
Final LL: -3.411003e+00, Gradient norm: 2.397758e-03
Optimization finished after 100 iterations

======================================================================
VALIDATION REPORT: Fortran vs NumPy AMICA
======================================================================

1. LOG-LIKELIHOOD COMPARISON:
----------------------------------------
  Fortran Final LL: -3.4112742644
  NumPy Final LL: -3.411003
  LL Ratio (NumPy/Fortran): 0.9999
  LL Absolute Difference: 0.000272

2. CONVERGENCE COMPARISON:
----------------------------------------
  Fortran Iterations: 100
  NumPy Iterations: 100

3. COMPONENT CORRELATION:
----------------------------------------
  Mean Correlation: 0.9991
  Min Correlation: 0.9917
  Max Correlation: 1.0000
  Std Correlation: 0.0017
  ✓ Components are highly correlated (>0.9)

  Mixing Matrix Relative Error: 0.0432
  ✓ Mixing matrices are very similar (<10% error)

4. OVERALL ASSESSMENT:
----------------------------------------
  ✓ Implementations produce comparable results

======================================================================

Report saved to: .context/issue-351/raw/harness_run1/validation_report_numpy.txt
Running MLX AMICA (Apple-GPU float32 backend)...
WARNING: params.json settings with no AMICAMLXNG equivalent are ignored (MLX uses its own behavior): ['do_history', 'histstep', 'writestep']. The Fortran run may honor them, so a parity comparison can differ.
Fitting AMICA with 32 channels, 30504 samples
Models: 1, Mixture components: 3


======================================================================
VALIDATION REPORT: Fortran vs MLX AMICA
======================================================================

1. LOG-LIKELIHOOD COMPARISON:
----------------------------------------
  Fortran Final LL: -3.4112742644
  MLX Final LL: -3.410998
  LL Ratio (MLX/Fortran): 0.9999
  LL Absolute Difference: 0.000276

2. CONVERGENCE COMPARISON:
----------------------------------------
  Fortran Iterations: 100
  MLX Iterations: 100

3. COMPONENT CORRELATION:
----------------------------------------
  Mean Correlation: 0.9991
  Min Correlation: 0.9917
  Max Correlation: 1.0000
  Std Correlation: 0.0017
  ✓ Components are highly correlated (>0.9)

  Mixing Matrix Relative Error: 0.0433
  ✓ Mixing matrices are very similar (<10% error)

4. OVERALL ASSESSMENT:
----------------------------------------
  ✓ Implementations produce comparable results

======================================================================

Report saved to: .context/issue-351/raw/harness_run1/validation_report_mlx.txt

PARITY SUMMARY (seed=42, max_iter=100):
| backend | precision | iterations | final LL | abs. LL difference | mean matched corr | min matched corr | Amari distance | runtime (s) |
|---|---|---:|---:|---:|---:|---:|---:|---:|
| Fortran (reference) | float64 | 100 | -3.411274 | | | | | 10.0 |
| PyTorch | float64 | 100 | -3.411003 | 0.000271 | 0.9991 | 0.9918 | 0.0038 | 18.1 |
| NumPy | float64 | 100 | -3.411003 | 0.000272 | 0.9991 | 0.9917 | 0.0038 | 32.6 |
| MLX | float32 | 100 | -3.410998 | 0.000276 | 0.9991 | 0.9917 | 0.0038 | 3.0 |

Summary saved to: .context/issue-351/raw/harness_run1/parity_summary.md
uv run python validate_implementations.py --backend all --fortran-binary   $R  68.25s user 28.52s system 148% cpu 1:05.38 total
