reproduce_table1: tier=bundled, threads=4, out_dir=.context/issue-351/raw/table1_bundled
device: CPU
Fortran reference binary: /Users/yahya/.cache/pamica/bin/v0.3.3/amica15-macos-arm64 (native/v0.3.3)

### bundled tier ###
[bundled] seed 301: Fortran (4 threads, do_newton=0)...
[bundled] seed 301: Fortran done in 57s, LL=-3.3995
[bundled] seed 301: pamica (device=cpu, do_newton=0)...
[bundled] seed 301: pamica done in 480s, LL=-3.3997, mean_corr=0.9995, min_corr=0.9960, amari=0.0031
[bundled] seed 302: Fortran (4 threads, do_newton=0)...
[bundled] seed 302: Fortran done in 67s, LL=-3.3996
[bundled] seed 302: pamica (device=cpu, do_newton=0)...
[bundled] seed 302: pamica done in 268s, LL=-3.3996, mean_corr=0.9993, min_corr=0.9952, amari=0.0037
[bundled] seed 303: Fortran (4 threads, do_newton=0)...
[bundled] seed 303: Fortran done in 71s, LL=-3.4006
[bundled] seed 303: pamica (device=cpu, do_newton=0)...
[bundled] seed 303: pamica done in 272s, LL=-3.3997, mean_corr=0.9267, min_corr=0.4528, amari=0.0380
[bundled] seed 304: Fortran (4 threads, do_newton=0)...
[bundled] seed 304: Fortran done in 69s, LL=-3.3995
[bundled] seed 304: pamica (device=cpu, do_newton=0)...
[bundled] seed 304: pamica done in 273s, LL=-3.3995, mean_corr=0.9997, min_corr=0.9981, amari=0.0029
[bundled] seed 305: Fortran (4 threads, do_newton=0)...
[bundled] seed 305: Fortran done in 79s, LL=-3.3996
[bundled] seed 305: pamica (device=cpu, do_newton=0)...
[bundled] seed 305: pamica done in 299s, LL=-3.3994, mean_corr=0.9982, min_corr=0.9893, amari=0.0069
[multimodel] Fortran 1/20...
[multimodel] Fortran 2/20...
[multimodel] Fortran 3/20...
[multimodel] Fortran 4/20...
[multimodel] Fortran 5/20...
[multimodel] Fortran 6/20...
[multimodel] Fortran 7/20...
[multimodel] Fortran 8/20...
[multimodel] Fortran 9/20...
[multimodel] Fortran 10/20...
[multimodel] Fortran 11/20...
[multimodel] Fortran 12/20...
[multimodel] Fortran 13/20...
[multimodel] Fortran 14/20...
[multimodel] Fortran 15/20...
[multimodel] Fortran 16/20...
[multimodel] Fortran 17/20...
[multimodel] Fortran 18/20...
[multimodel] Fortran 19/20...
[multimodel] Fortran 20/20...
[multimodel] pamica 1/20...
[multimodel] pamica 2/20...
[multimodel] pamica 3/20...
[multimodel] pamica 4/20...
[multimodel] pamica 5/20...
[multimodel] pamica 6/20...
[multimodel] pamica 7/20...
[multimodel] pamica 8/20...
[multimodel] pamica 9/20...
[multimodel] pamica 10/20...
[multimodel] pamica 11/20...
[multimodel] pamica 12/20...
[multimodel] pamica 13/20...
[multimodel] pamica 14/20...
[multimodel] pamica 15/20...
[multimodel] pamica 16/20...
[multimodel] pamica 17/20...
[multimodel] pamica 18/20...
[multimodel] pamica 19/20...
[multimodel] pamica 20/20...
==============================================================================
BUNDLED tier: pamica/sample_data/eeglab_data.fdt (32ch x 30504fr, k=29.8)
==============================================================================
------------------------------------------------------------------------------
Row: Single | Amari distance (bundled)
  paper:    0.006
  measured: pamica vs Fortran: mean=0.0109 (n=5/5 seeds ok)
  measured: Fortran vs Fortran: mean=0.0185
------------------------------------------------------------------------------
Row: Single | Score functions, sufficient statistics
  paper:    exact, ~1e-15
  measured: log-pdf max|diff|=8.88e-16, score max|diff|=1.78e-15 (formula identity, no data)
  measured: sufficient-statistics max|diff|=4.55e-13 (one real-data block vs the NumPy reference)
------------------------------------------------------------------------------
Row: Multi | Correlation, one run: cross; within-Fortran
  paper:    0.65; 0.64 (sd 0.05)
  measured: between=0.632 (sd 0.042); within-Fortran=0.626 (sd 0.036)
------------------------------------------------------------------------------
Row: Multi | Amari, one run: cross; within-Fortran
  paper:    0.163; 0.174 (sd 0.02)
  measured: between=0.172 (sd 0.022); within-Fortran=0.166 (sd 0.017)
------------------------------------------------------------------------------
Row: Multi | Ensemble agreement, cross - within-Fortran
  paper:    correlation +0.011 (p=0.96); Amari -0.011 (p>0.999)
  measured: correlation diff=+0.006 (perm p=0.884)
  measured: Amari diff=+0.005 (perm p=0.051)
------------------------------------------------------------------------------
Row: Multi | Ensemble log-likelihood: Fortran; pamica
  paper:    -3.3539; -3.3629 (KS p=6e-5)
  measured: Fortran=-3.3543 (sd 0.002); pamica=-3.3541 (sd 0.003); KS p=8.32e-01 (n=20/20 Fortran, 20/20 pamica runs ok)
------------------------------------------------------------------------------
bundled tier wall-clock: 2842s

wrote .context/issue-351/raw/table1_bundled/report.json
